
Running 2 tests using 2 workers

[1A[2K[1/2] [chrome] ΓÇ║ tests\loginCommonAssertion.spec.js:3:5 ΓÇ║ test
[1A[2K[2/2] [chrome] ΓÇ║ tests\loginCommon.spec.js:4:5 ΓÇ║ test
[1A[2K[chrome] ΓÇ║ tests\loginCommon.spec.js:4:5 ΓÇ║ test
projectExistsCount: 0

[1A[2KprojectActiveCount: 16

[1A[2K  1) [chrome] ΓÇ║ tests\loginCommonAssertion.spec.js:3:5 ΓÇ║ test ΓöÇΓöÇΓöÇΓöÇΓöÇΓöÇΓöÇΓöÇΓöÇΓöÇΓöÇΓöÇΓöÇΓöÇΓöÇΓöÇΓöÇΓöÇΓöÇΓöÇΓöÇΓöÇΓöÇΓöÇΓöÇΓöÇΓöÇΓöÇΓöÇΓöÇΓöÇΓöÇΓöÇΓöÇΓöÇΓöÇΓöÇΓöÇ

    Error: locator.click: Target page, context or browser has been closed
    Call log:
    [2m  - waiting for locator('iframe[name="RTM20_PT1"]').contentFrame().getByRole('link', { name: 'εáï' })[22m


      3 | test('test', async ({ page }) => {
      4 |   await page.goto('https://knldev01.reflexisinc.co.in/kernel/views/authenticate/W/REFLEXIS.view');
    > 5 |   await page.locator('iframe[name="RTM20_PT1"]').contentFrame().getByRole('link', { name: 'εáï' }).click();
        |                                                                                                  ^
      6 | });
        at C:\PlaywrightAutomation\PlayWright\tests\loginCommonAssertion.spec.js:5:98


[1A[2K  1 failed
    [chrome] ΓÇ║ tests\loginCommonAssertion.spec.js:3:5 ΓÇ║ test ΓöÇΓöÇΓöÇΓöÇΓöÇΓöÇΓöÇΓöÇΓöÇΓöÇΓöÇΓöÇΓöÇΓöÇΓöÇΓöÇΓöÇΓöÇΓöÇΓöÇΓöÇΓöÇΓöÇΓöÇΓöÇΓöÇΓöÇΓöÇΓöÇΓöÇΓöÇΓöÇΓöÇΓöÇΓöÇΓöÇΓöÇΓöÇΓöÇ
  1 passed (21.0s)

[36m  Serving HTML report at http://localhost:9323. Press Ctrl+C to quit.[39m
